{
    "no md5sum": {
        "content": [
            [
                [
                    {
                        "id": "ipsum"
                    },
                    [
                        "PHASELLUS EST QUAM, LUCTUS AT PURUS VEL, SAGITTIS SCELERISQUE TURPIS.",
                        "ETIAM VARIUS LOREM AT VEHICULA ORNARE.",
                        "INTEGER EGET SOLLICITUDIN LOREM.",
                        "NAM PORTTITOR CONSEQUAT SCELERISQUE.",
                        "ETIAM DICTUM PORTA ODIO EU ORNARE.",
                        "CURABITUR DIGNISSIM FAUCIBUS GRAVIDA.",
                        "PELLENTESQUE INTERDUM NON MI SIT AMET SOLLICITUDIN.",
                        "PRAESENT VENENATIS QUAM VEL MAURIS VESTIBULUM PELLENTESQUE."
                    ]
                ],
                [
                    {
                        "id": "lorem"
                    },
                    [
                        "PHASELLUS EST QUAM, LUCTUS AT PURUS VEL, SAGITTIS SCELERISQUE TURPIS.",
                        "ETIAM VARIUS LOREM AT VEHICULA ORNARE.",
                        "INTEGER EGET SOLLICITUDIN LOREM.",
                        "NAM PORTTITOR CONSEQUAT SCELERISQUE.",
                        "ETIAM DICTUM PORTA ODIO EU ORNARE.",
                        "CURABITUR DIGNISSIM FAUCIBUS GRAVIDA.",
                        "PELLENTESQUE INTERDUM NON MI SIT AMET SOLLICITUDIN.",
                        "PRAESENT VENENATIS QUAM VEL MAURIS VESTIBULUM PELLENTESQUE."
                    ]
                ]
            ]
        ],
        "meta": {
            "nf-test": "0.8.4",
            "nextflow": "24.02.0"
        },
        "timestamp": "2024-03-28T16:36:37.259691098"
    }
}